---
source: /home/labatata/Code/Go/GoParser/lexer/lexer_test.go
assertion_line: 161
---
[]string{
  "Imaginary@0..2 0i",
  "SemiColon@2..3 \n",
  "Imaginary@3..8 0123i",
  "SemiColon@8..9 \n",
  "Imaginary@9..15 0o123i",
  "SemiColon@15..16 \n",
  "Imaginary@16..22 0xabci",
  "SemiColon@22..23 \n",
  "Imaginary@23..26 0.i",
  "SemiColon@26..27 \n",
  "Imaginary@27..35 2.71828i",
  "SemiColon@35..36 \n",
  "Imaginary@36..42 1.e+0i",
  "SemiColon@42..43 \n",
  "Imaginary@43..55 6.67428e-11i",
  "SemiColon@55..56 \n",
  "Imaginary@56..60 1E6i",
  "SemiColon@60..61 \n",
  "Imaginary@61..65 .25i",
  "SemiColon@65..66 \n",
  "Imaginary@66..76 .12345E+5i",
  "SemiColon@76..77 \n",
  "Imaginary@77..84 0x1p-2i",
  "SemiColon@84..84 ",
  "EOF@84..84 ",
}
