---
source: /home/labatata/Code/Go/GoParser/lexer/lexer_test.go
assertion_line: 142
---
[]string{
  "Float@0..2 0.",
  "SemiColon@2..3 \n",
  "Float@3..8 72.40",
  "SemiColon@8..9 \n",
  "Float@9..15 072.40",
  "SemiColon@15..16 \n",
  "Float@16..23 2.71828",
  "SemiColon@23..24 \n",
  "Float@24..29 1.e+0",
  "SemiColon@29..30 \n",
  "Float@30..41 6.67428e-11",
  "SemiColon@41..42 \n",
  "Float@42..45 1E6",
  "SemiColon@45..46 \n",
  "Float@46..49 .25",
  "SemiColon@49..50 \n",
  "Float@50..59 .12345E+5",
  "SemiColon@59..60 \n",
  "Float@60..64 1_5.",
  "SemiColon@64..65 \n",
  "Float@65..74 0.15e+0_2",
  "SemiColon@74..75 \n",
  "HexFloat@75..81 0x1p-2",
  "SemiColon@81..82 \n",
  "HexFloat@82..89 0x2.p10",
  "SemiColon@89..90 \n",
  "HexFloat@90..98 0x1.Fp+0",
  "SemiColon@98..99 \n",
  "HexFloat@99..106 0X.8p-0",
  "SemiColon@106..107 \n",
  "HexFloat@107..118 0X_1FFFP-16",
  "SemiColon@118..118 ",
  "EOF@118..118 ",
}
