---
source: /home/labatata/Code/Go/GoParser/lexer/lexer_test.go
assertion_line: 194
---
[]string{
  "String@1..5 \"\\n\"",
  "SemiColon@5..6 \n",
  "String@6..10 \"\\\"\"",
  "SemiColon@10..11 \n",
  "String@11..28 \"Hello, world!\\n\"",
  "SemiColon@28..29 \n",
  "String@29..40 \"日本語\"",
  "SemiColon@40..41 \n",
  "String@41..62 \"\\u65e5本\\U00008a9e\"",
  "SemiColon@62..63 \n",
  "String@63..75 \"\\xff\\u00FF\"",
  "SemiColon@75..76 \n",
  "EOF@76..76 ",
}
