---
source: /home/labatata/Code/Go/GoParser/lexer/lexer_test.go
assertion_line: 83
---
[]string{
  "KwBreak@0..5 break",
  "Newline@5..6 \n",
  "KwDefault@6..13 default",
  "Newline@13..14 \n",
  "KwFunc@14..18 func",
  "Newline@18..19 \n",
  "KwInterface@19..28 interface",
  "Newline@28..29 \n",
  "KwSelect@29..35 select",
  "Newline@35..36 \n",
  "KwCase@36..40 case",
  "Newline@40..41 \n",
  "KwDefer@41..46 defer",
  "Newline@46..47 \n",
  "KwGo@47..49 go",
  "Newline@49..50 \n",
  "KwMap@50..53 map",
  "Newline@53..54 \n",
  "KwStruct@54..60 struct",
  "Newline@60..61 \n",
  "KwChan@61..65 chan",
  "Newline@65..66 \n",
  "KwElse@66..70 else",
  "Newline@70..71 \n",
  "KwGoto@71..75 goto",
  "Newline@75..76 \n",
  "KwPackage@76..83 package",
  "Newline@83..84 \n",
  "KwSwitch@84..90 switch",
  "Newline@90..91 \n",
  "KwConst@91..96 const",
  "Newline@96..97 \n",
  "KwFallthrough@97..108 fallthrough",
  "Newline@108..109 \n",
  "KwIf@109..111 if",
  "Newline@111..112 \n",
  "KwRange@112..117 range",
  "Newline@117..118 \n",
  "KwType@118..122 type",
  "Newline@122..123 \n",
  "KwContinue@123..131 continue",
  "Newline@131..132 \n",
  "KwFor@132..135 for",
  "Newline@135..136 \n",
  "KwImport@136..142 import",
  "Newline@142..143 \n",
  "KwReturn@143..149 return",
  "Newline@149..150 \n",
  "KwVar@150..153 var",
  "EOF@153..153 ",
}
