---
source: /home/labatata/Code/Go/GoParser/lexer/lexer_test.go
assertion_line: 50
---
[]string{
  "Identifier@0..1 a",
  "SemiColon@1..2 \n",
  "Identifier@2..5 _x9",
  "SemiColon@5..6 \n",
  "Identifier@6..28 ThisVariableIsExported",
  "SemiColon@28..29 \n",
  "Identifier@29..33 αβ",
  "SemiColon@33..34 \n",
  "EOF@34..34 ",
}
