---
source: /home/labatata/Code/Go/GoParser/lexer/lexer_test.go
assertion_line: 81
---
[]string{
  "KwBreak@0..5 break",
  "SemiColon@5..6 \n",
  "KwDefault@6..13 default",
  "KwFunc@14..18 func",
  "KwInterface@19..28 interface",
  "KwSelect@29..35 select",
  "KwCase@36..40 case",
  "KwDefer@41..46 defer",
  "KwGo@47..49 go",
  "KwMap@50..53 map",
  "KwStruct@54..60 struct",
  "KwChan@61..65 chan",
  "KwElse@66..70 else",
  "KwGoto@71..75 goto",
  "KwPackage@76..83 package",
  "KwSwitch@84..90 switch",
  "KwConst@91..96 const",
  "KwFallthrough@97..108 fallthrough",
  "SemiColon@108..109 \n",
  "KwIf@109..111 if",
  "KwRange@112..117 range",
  "KwType@118..122 type",
  "KwContinue@123..131 continue",
  "SemiColon@131..132 \n",
  "KwFor@132..135 for",
  "KwImport@136..142 import",
  "KwReturn@143..149 return",
  "SemiColon@149..150 \n",
  "KwVar@150..153 var",
  "EOF@153..153 ",
}
